LToken (Span 1:1 1:4) (Decimal 100) (LToken (Span 1:5 1:6) (Symbol "+") (LToken (Span 1:7 1:8) (Decimal 3) (LToken (Span 1:9 1:10) (Symbol "*") (LToken (Span 1:11 1:12) (Decimal 7) (LToken (Span 1:13 1:14) (Symbol "+") (LToken (Span 1:15 1:16) (Decimal 4) (LToken (Span 1:17 1:18) (Symbol "*") (LToken (Span 1:19 1:21) (Decimal 12) (LToken (Span 3:1 3:1) (Symbol ";") (LToken (Span 3:1 3:5) (Qualid "" "main") (LToken (Span 3:6 3:7) (Qualid "" "_") (LToken (Span 3:8 3:9) (Symbol "=") (LToken (Span 3:10 3:15) (Qualid "" "print") (LToken (Span 3:16 3:18) (Decimal 10) LEnd))))))))))))))