LToken (Span 1:1 1:2) (Qualid "" "x") (LToken (Span 1:3 1:4) (Keyword "=") (LToken (Span 2:3 2:3) ScopeBegin (LToken (Span 2:3 2:4) (Qualid "" "y") (LToken (Span 2:5 2:6) (Keyword "=") (LToken (Span 2:7 2:8) (Decimal 0) (LToken (Span 3:3 3:3) (Keyword ";") (LToken (Span 3:3 3:4) (Qualid "" "z") (LToken (Span 3:5 3:6) (Keyword "=") (LToken (Span 3:7 3:8) (Decimal 3) (LToken (Span 4:1 4:1) ScopeEnd LEnd))))))))))